packages/agent/test/durable-reconstruction.test.ts format ━━━━━━━━━━━━━━━━━━━━━━━━━━━━━━━━━━━━━━━━━━

  × Formatter would have printed the following content:
  
     58  58 │   }
     59  59 │   
     60     │ - test("fresh-process·checkpoint·plus·bounded·suffix·equals·independent·full·replay",·async·()·=>·{
     61     │ - ··const·directory·=·mkdtempSync(join(tmpdir(),·"fold-restart-"));
     62     │ - ··try·{
     63     │ - ····const·dbPath·=·join(directory,·"kernel.sqlite");
     64     │ - ····const·written·=·await·child("write",·dbPath);
     65     │ - ····expect(written.code).toBe(0);
     66     │ - ····const·cut·=·witnessSchema.parse(written.value);
     67     │ - ····expect(cut.revision).toBeGreaterThan(256);
     68     │ - ····const·reopened·=·await·child("read",·dbPath);
     69     │ - ····expect(reopened.code).toBe(0);
     70     │ - ····const·wake·=·witnessSchema.parse(reopened.value);
     71     │ - ····expect(wake.digest).toBe(wake.oracle);
     72     │ - ····expect(wake.stateDigest).toBe(wake.stateOracle);
     73     │ - ····const·checkpoint·=·wake.checkpoint;
     74     │ - ····if·(checkpoint·===·undefined)·throw·new·Error("missing·fold·checkpoint");
     75     │ - ····expect(FoldCheckpoint.Effect.parse(checkpoint.effect.value).result.foldVersion).toBe(1);
     76     │ - ····expect(wake.ids.slice(1)).toEqual(["answer",·"tool-message",·"suffix"]);
     77     │ - ····expect(
     78     │ - ······wake.history.find((message)·=>·message.info.id·===·"tool-message")?.parts,
     79     │ - ····).toContainEqual(
     80     │ - ······expect.objectContaining({
     81     │ - ········type:·"tool",
     82     │ - ········state:·expect.objectContaining({·status:·"completed",·output:·"settled"·}),
     83     │ - ······}),
     84     │ - ····);
     85     │ - ····const·seeds·=·wake.actions
     86     │ - ······.filter((action)·=>·action.kind·===·"fold.checkpoint")
     87     │ - ······.map((action)·=>·FoldCheckpoint.Effect.parse(action.effect.value).result.state);
     88     │ - ····expect(
     89     │ - ······seeds.some((seed)·=>
     90     │ - ········seed.messages.some((message)·=>
     91     │ - ··········message.parts.some((part)·=>·part.type·===·"tool"·&&·part.state.status·===·"pending"),
     92     │ - ········),
     93     │ - ······),
     94     │ - ····).toBe(true);
     95     │ - ····expect(wake).toEqual(cut);
     96     │ - ····expect(await·child("read",·dbPath)).toEqual(reopened);
     97     │ - ····const·captured·=·await·child("wake",·dbPath);
     98     │ - ····expect(captured.code).toBe(0);
     99     │ - ····const·entry·=·witnessSchema.parse(captured.value);
    100     │ - ····expect(entry.capture).toMatchObject({
    101     │ - ······toolsGeneration:·1,
    102     │ - ······recoveryUnchanged:·true,
    103     │ - ······context:·{
    104     │ - ········foldVersion:·1,
    105     │ - ········sourceRevision:·cut.revision,
    106     │ - ········messageIds:·cut.ids,
    107     │ - ········projectionHash:·canonicalDigest({
    108     │ - ··········foldVersion:·1,
    109     │ - ··········projection:·PlainValueSchema.parse(cut.history),
    110     │ - ········}),
    111     │ - ······},
    112     │ - ····});
    113     │ - ····expect(entry.capture?.history).toEqual(cut.history);
    114     │ - ····expect(entry.capture?.messages).toEqual(
    115     │ - ······foldHistoryState(reconstructionSession,·cut.actions).compatibility,
    116     │ - ····);
    117     │ - ····expect(entry.capture?.messages.map((message)·=>·message.id)).toContain("prior-result");
    118     │ - ····expect(entry.capture?.history.map((message)·=>·message.info.id)).not.toContain("prior-result");
    119     │ - ····const·afterWake·=·await·child("read",·dbPath);
    120     │ - ····const·after·=·witnessSchema.parse(afterWake.value);
    121     │ - ····expect(after.digest).toBe(cut.digest);
    122     │ - ····expect(after.stateDigest).toBe(after.stateOracle);
    123     │ - ····expect(after.actions.slice(0,·cut.actions.length)).toEqual(cut.actions);
    124     │ - ····expect(
    125     │ - ······after.actions.flatMap((action)·=>·SessionHandleStore.turnTerminal(action)·??·[]),
    126     │ - ····).toHaveLength(
    127     │ - ······cut.actions.flatMap((action)·=>·SessionHandleStore.turnTerminal(action)·??·[]).length,
    128     │ - ····);
    129     │ - ····expect(await·child("read",·dbPath)).toEqual(afterWake);
    130     │ - ····const·compaction·=·wake.actions
    131     │ - ······.filter(
    132     │ - ········(action)·=>
    133     │ - ··········action.kind·===·"compaction"·&&
    134     │ - ··········action.effect.value·!==·null·&&
    135     │ - ··········typeof·action.effect.value·===·"object"·&&
    136     │ - ··········!Array.isArray(action.effect.value)·&&
    137     │ - ··········action.effect.value.phase·===·"result",
    138     │ - ······)
    139     │ - ······.at(-1);
    140     │ - ····expect(compaction).toBeDefined();
    141     │ - ····expect(
    142     │ - ······wake.actions.find((action)·=>·action.ordinal·===·(compaction?.ordinal·??·0)·+·1)?.kind,
    143     │ - ····).toBe("fold.checkpoint");
    144     │ - ··}·finally·{
    145     │ - ····rmSync(directory,·{·recursive:·true,·force:·true·});
    146     │ - ··}
    147     │ - },·6·*·childDeadlineMs·+·30_000);
         60 │ + test(
         61 │ + ··"fresh-process·checkpoint·plus·bounded·suffix·equals·independent·full·replay",
         62 │ + ··async·()·=>·{
         63 │ + ····const·directory·=·mkdtempSync(join(tmpdir(),·"fold-restart-"));
         64 │ + ····try·{
         65 │ + ······const·dbPath·=·join(directory,·"kernel.sqlite");
         66 │ + ······const·written·=·await·child("write",·dbPath);
         67 │ + ······expect(written.code).toBe(0);
         68 │ + ······const·cut·=·witnessSchema.parse(written.value);
         69 │ + ······expect(cut.revision).toBeGreaterThan(256);
         70 │ + ······const·reopened·=·await·child("read",·dbPath);
         71 │ + ······expect(reopened.code).toBe(0);
         72 │ + ······const·wake·=·witnessSchema.parse(reopened.value);
         73 │ + ······expect(wake.digest).toBe(wake.oracle);
         74 │ + ······expect(wake.stateDigest).toBe(wake.stateOracle);
         75 │ + ······const·checkpoint·=·wake.checkpoint;
         76 │ + ······if·(checkpoint·===·undefined)·throw·new·Error("missing·fold·checkpoint");
         77 │ + ······expect(FoldCheckpoint.Effect.parse(checkpoint.effect.value).result.foldVersion).toBe(1);
         78 │ + ······expect(wake.ids.slice(1)).toEqual(["answer",·"tool-message",·"suffix"]);
         79 │ + ······expect(
         80 │ + ········wake.history.find((message)·=>·message.info.id·===·"tool-message")?.parts,
         81 │ + ······).toContainEqual(
         82 │ + ········expect.objectContaining({
         83 │ + ··········type:·"tool",
         84 │ + ··········state:·expect.objectContaining({·status:·"completed",·output:·"settled"·}),
         85 │ + ········}),
         86 │ + ······);
         87 │ + ······const·seeds·=·wake.actions
         88 │ + ········.filter((action)·=>·action.kind·===·"fold.checkpoint")
         89 │ + ········.map((action)·=>·FoldCheckpoint.Effect.parse(action.effect.value).result.state);
         90 │ + ······expect(
         91 │ + ········seeds.some((seed)·=>
         92 │ + ··········seed.messages.some((message)·=>
         93 │ + ············message.parts.some((part)·=>·part.type·===·"tool"·&&·part.state.status·===·"pending"),
         94 │ + ··········),
         95 │ + ········),
         96 │ + ······).toBe(true);
         97 │ + ······expect(wake).toEqual(cut);
         98 │ + ······expect(await·child("read",·dbPath)).toEqual(reopened);
         99 │ + ······const·captured·=·await·child("wake",·dbPath);
        100 │ + ······expect(captured.code).toBe(0);
        101 │ + ······const·entry·=·witnessSchema.parse(captured.value);
        102 │ + ······expect(entry.capture).toMatchObject({
        103 │ + ········toolsGeneration:·1,
        104 │ + ········recoveryUnchanged:·true,
        105 │ + ········context:·{
        106 │ + ··········foldVersion:·1,
        107 │ + ··········sourceRevision:·cut.revision,
        108 │ + ··········messageIds:·cut.ids,
        109 │ + ··········projectionHash:·canonicalDigest({
        110 │ + ············foldVersion:·1,
        111 │ + ············projection:·PlainValueSchema.parse(cut.history),
        112 │ + ··········}),
        113 │ + ········},
        114 │ + ······});
        115 │ + ······expect(entry.capture?.history).toEqual(cut.history);
        116 │ + ······expect(entry.capture?.messages).toEqual(
        117 │ + ········foldHistoryState(reconstructionSession,·cut.actions).compatibility,
        118 │ + ······);
        119 │ + ······expect(entry.capture?.messages.map((message)·=>·message.id)).toContain("prior-result");
  355 more lines truncated
  

Checked 1 file in 11ms. No fixes applied.
Found 1 error.
check ━━━━━━━━━━━━━━━━━━━━━━━━━━━━━━━━━━━━━━━━━━━━━━━━━━━━━━━━━━━━━━━━━━━━━━━━━━━━━━━━━━━━━━━━━━━━━━

  × Some errors were emitted while running checks.
  

