apps/desktop/src/renderer/app.tsx:55:9 lint/correctness/noUnusedVariables  FIXABLE  ━━━━━━━━━━━━━━━━

  × This variable history is unused.
  
    53 │   const place = tab?.place ?? null;
    54 │   const byId = sessionIndex(sessions);
  > 55 │   const history = tab?.history;
       │         ^^^^^^^
    56 │   const search = useRef({ searching: false, invokingTabId: state.activeTabId });
    57 │   const focusRecovery = useRef<"panel" | "tab" | null>(null);
  
  i Unused variables are often the result of typos, incomplete refactors, or other sources of bugs.
  
  i Unsafe fix: If this is intentional, prepend history with an underscore.
  
     53  53 │     const place = tab?.place ?? null;
     54  54 │     const byId = sessionIndex(sessions);
     55     │ - ··const·history·=·tab?.history;
         55 │ + ··const·_history·=·tab?.history;
     56  56 │     const search = useRef({ searching: false, invokingTabId: state.activeTabId });
     57  57 │     const focusRecovery = useRef<"panel" | "tab" | null>(null);
  

Checked 85 files in 86ms. No fixes applied.
Found 1 error.
check ━━━━━━━━━━━━━━━━━━━━━━━━━━━━━━━━━━━━━━━━━━━━━━━━━━━━━━━━━━━━━━━━━━━━━━━━━━━━━━━━━━━━━━━━━━━━━━

  × Some errors were emitted while running checks.
  

